// Jest Snapshot v1, https://goo.gl/fbAQLP

exports[`ForwardingRulesStack Snapshot test 1`] = `
{
  "Parameters": {
    "BootstrapVersion": {
      "Default": "/cdk-bootstrap/hnb659fds/version",
      "Description": "Version of the CDK Bootstrap resources in this environment, automatically retrieved from SSM Parameter Store. [cdk:skip]",
      "Type": "AWS::SSM::Parameter::Value<String>",
    },
  },
  "Resources": {
    "DataForwarderLambda658B5D08": {
      "DependsOn": [
        "DataForwarderLambdaRoleDefaultPolicy58485E58",
        "DataForwarderLambdaRole6192FE95",
      ],
      "Properties": {
        "Code": {
          "S3Bucket": "cdk-hnb659fds-assets-123456789012-us-east-1",
          "S3Key": "f93e4547cbac7f4ce906b37e330f99bfb1afa04f8cffa2fd0c755adbf502c5d4.jar",
        },
        "Description": "Lambda responsible for forwarding data in accordance with forwarding rules",
        "Environment": {
          "Variables": {
            "AWSRegion": "us-east-1",
          },
        },
        "Handler": "com.amazon.awsvideoanalyticsvlcontrolplane.forwardingrules.DataForwarderLambda::handleRequest",
        "LoggingConfig": {
          "LogGroup": {
            "Ref": "DataForwarderLambdaLogGroupD801CBCE",
          },
        },
        "MemorySize": 2048,
        "Role": {
          "Fn::GetAtt": [
            "DataForwarderLambdaRole6192FE95",
            "Arn",
          ],
        },
        "Runtime": "java17",
        "Timeout": 360,
      },
      "Type": "AWS::Lambda::Function",
    },
    "DataForwarderLambdaLogGroupD801CBCE": {
      "DeletionPolicy": "Retain",
      "Properties": {
        "LogGroupName": "DataForwarderLambdaLogGroup",
        "RetentionInDays": 3653,
      },
      "Type": "AWS::Logs::LogGroup",
      "UpdateReplacePolicy": "Retain",
    },
    "DataForwarderLambdaRole6192FE95": {
      "Properties": {
        "AssumeRolePolicyDocument": {
          "Statement": [
            {
              "Action": "sts:AssumeRole",
              "Effect": "Allow",
              "Principal": {
                "Service": "lambda.amazonaws.com",
              },
            },
          ],
          "Version": "2012-10-17",
        },
        "Description": "Allows lambda to read and delete messages from the SQS queue",
        "ManagedPolicyArns": [
          {
            "Fn::Join": [
              "",
              [
                "arn:",
                {
                  "Ref": "AWS::Partition",
                },
                ":iam::aws:policy/service-role/AWSLambdaSQSQueueExecutionRole",
              ],
            ],
          },
        ],
        "RoleName": "DataForwarderLambdaRole",
      },
      "Type": "AWS::IAM::Role",
    },
    "DataForwarderLambdaRoleDefaultPolicy58485E58": {
      "Properties": {
        "PolicyDocument": {
          "Statement": [
            {
              "Action": [
                "s3:List*",
                "s3:Get*",
                "s3:DeleteObject",
              ],
              "Effect": "Allow",
              "Resource": [
                "arn:aws:s3:::videoanalytics-fwd-rules-us-east-1*",
                "arn:aws:s3:::videoanalytics-fwd-rules-us-east-1*/*",
              ],
            },
            {
              "Action": "kinesis:PutRecord",
              "Effect": "Allow",
              "Resource": "*",
            },
            {
              "Action": [
                "dynamodb:GetRecords",
                "dynamodb:GetItem",
                "dynamodb:Query",
                "dynamodb:PutItem",
                "dynamodb:UpdateItem",
                "dynamodb:DeleteItem",
              ],
              "Effect": "Allow",
              "Resource": [
                "*",
                {
                  "Fn::GetAtt": [
                    "ForwardingRulesTableE57C3B49",
                    "Arn",
                  ],
                },
              ],
            },
            {
              "Action": [
                "kms:Encrypt",
                "kms:Decrypt",
                "kms:ReEncrypt*",
                "kms:GenerateDataKey",
              ],
              "Effect": "Allow",
              "Resource": "*",
            },
          ],
          "Version": "2012-10-17",
        },
        "PolicyName": "DataForwarderLambdaRoleDefaultPolicy58485E58",
        "Roles": [
          {
            "Ref": "DataForwarderLambdaRole6192FE95",
          },
        ],
      },
      "Type": "AWS::IAM::Policy",
    },
    "EventSourceMapping3449BD33": {
      "Properties": {
        "BatchSize": 10,
        "EventSourceArn": {
          "Fn::GetAtt": [
            "ForwardingRulesQueueCCFF9CDD",
            "Arn",
          ],
        },
        "FunctionName": {
          "Ref": "DataForwarderLambda658B5D08",
        },
      },
      "Type": "AWS::Lambda::EventSourceMapping",
    },
    "ForwardingRulesQueueCCFF9CDD": {
      "DeletionPolicy": "Delete",
      "Properties": {
        "KmsMasterKeyId": {
          "Fn::GetAtt": [
            "awsipvideoanalyticsVLControlPlaneforwardingRulesQueuekmsKeyA3AA2F57",
            "Arn",
          ],
        },
        "QueueName": "aws-ip-videoanalytics-VLControlPlane-forwardingRulesQueue",
        "RedrivePolicy": {
          "deadLetterTargetArn": {
            "Fn::GetAtt": [
              "awsipvideoanalyticsVLControlPlaneforwardingRulesQueueStreamDLQD1B647B3",
              "Arn",
            ],
          },
          "maxReceiveCount": 5,
        },
        "VisibilityTimeout": 360,
      },
      "Type": "AWS::SQS::Queue",
      "UpdateReplacePolicy": "Delete",
    },
    "ForwardingRulesQueuePolicy2F55AAA9": {
      "Properties": {
        "PolicyDocument": {
          "Statement": [
            {
              "Action": "SQS:SendMessage",
              "Condition": {
                "ArnLike": {
                  "aws:SourceArn": "arn:aws:s3:*:*:videoanalytics-fwd-rules*",
                },
              },
              "Effect": "Allow",
              "Principal": {
                "Service": "s3.amazonaws.com",
              },
              "Resource": {
                "Fn::GetAtt": [
                  "ForwardingRulesQueueCCFF9CDD",
                  "Arn",
                ],
              },
            },
          ],
          "Version": "2012-10-17",
        },
        "Queues": [
          {
            "Ref": "ForwardingRulesQueueCCFF9CDD",
          },
        ],
      },
      "Type": "AWS::SQS::QueuePolicy",
    },
    "ForwardingRulesTableE57C3B49": {
      "DeletionPolicy": "Retain",
      "Properties": {
        "AttributeDefinitions": [
          {
            "AttributeName": "CustomerAccountId",
            "AttributeType": "S",
          },
          {
            "AttributeName": "ForwardingRulesName",
            "AttributeType": "S",
          },
        ],
        "BillingMode": "PAY_PER_REQUEST",
        "DeletionProtectionEnabled": true,
        "KeySchema": [
          {
            "AttributeName": "CustomerAccountId",
            "KeyType": "HASH",
          },
          {
            "AttributeName": "ForwardingRulesName",
            "KeyType": "RANGE",
          },
        ],
        "PointInTimeRecoverySpecification": {
          "PointInTimeRecoveryEnabled": true,
        },
        "SSESpecification": {
          "SSEEnabled": true,
        },
        "StreamSpecification": {
          "StreamViewType": "NEW_AND_OLD_IMAGES",
        },
        "TableClass": "STANDARD",
        "TableName": "ForwardingRulesTable",
      },
      "Type": "AWS::DynamoDB::Table",
      "UpdateReplacePolicy": "Retain",
    },
    "awsipvideoanalyticsVLControlPlaneforwardingRulesQueueStreamDLQD1B647B3": {
      "DeletionPolicy": "Delete",
      "Properties": {
        "KmsMasterKeyId": {
          "Fn::GetAtt": [
            "awsipvideoanalyticsVLControlPlaneforwardingRulesQueuekmsKeyA3AA2F57",
            "Arn",
          ],
        },
      },
      "Type": "AWS::SQS::Queue",
      "UpdateReplacePolicy": "Delete",
    },
    "awsipvideoanalyticsVLControlPlaneforwardingRulesQueuekmsKeyA3AA2F57": {
      "DeletionPolicy": "Retain",
      "Properties": {
        "EnableKeyRotation": true,
        "KeyPolicy": {
          "Statement": [
            {
              "Action": "kms:*",
              "Effect": "Allow",
              "Principal": {
                "AWS": {
                  "Fn::Join": [
                    "",
                    [
                      "arn:",
                      {
                        "Ref": "AWS::Partition",
                      },
                      ":iam::123456789012:root",
                    ],
                  ],
                },
              },
              "Resource": "*",
            },
            {
              "Action": [
                "kms:GenerateDataKey",
                "kms:Decrypt",
              ],
              "Effect": "Allow",
              "Principal": {
                "Service": "s3.amazonaws.com",
              },
              "Resource": "*",
            },
          ],
          "Version": "2012-10-17",
        },
      },
      "Type": "AWS::KMS::Key",
      "UpdateReplacePolicy": "Retain",
    },
  },
  "Rules": {
    "CheckBootstrapVersion": {
      "Assertions": [
        {
          "Assert": {
            "Fn::Not": [
              {
                "Fn::Contains": [
                  [
                    "1",
                    "2",
                    "3",
                    "4",
                    "5",
                  ],
                  {
                    "Ref": "BootstrapVersion",
                  },
                ],
              },
            ],
          },
          "AssertDescription": "CDK bootstrap stack version 6 required. Please run 'cdk bootstrap' with a recent version of the CDK CLI.",
        },
      ],
    },
  },
}
`;
